// Jest Snapshot v1, https://goo.gl/fbAQLP

exports[`UserProfile Component should render the skeleton when loading 1`] = `
<DocumentFragment>
  <div
    class="flex items-center justify-end h-full"
    data-testid="user-profile-skeleton"
  >
    <div
      class="flex items-center space-x-3"
    >
      <div
        class="w-[80px] h-[20px] bg-gray-200 rounded-full"
      />
       
      <div
        class="relative w-[40px] h-[40px] rounded-full bg-gray-200 overflow-hidden"
      />
       
    </div>
  </div>
</DocumentFragment>
`;

exports[`UserProfile Component should render user profile and dropdown when authenticated 1`] = `
<DocumentFragment>
  <div
    class="relative inline-block text-left"
  >
    <div
      aria-expanded="true"
      role="button"
      tabindex="0"
    >
      <div
        class="flex items-center cursor-pointer group select-none"
      >
        <div
          class="hidden md:flex text-gray-600 font-regmed mr-3 group-hover:text-primary transition-all duration-200 ease-in-out"
        >
          John Doe
        </div>
        <div
          class="relative w-[40px] h-[40px] min-w-[40px] min-h-[40px] rounded-full overflow-hidden"
        >
          <img
            alt="Avatar"
            data-nimg="fill"
            decoding="async"
            fetchpriority="high"
            src="/svg/user.svg"
            style="position: absolute; height: 100%; width: 100%; left: 0px; top: 0px; right: 0px; bottom: 0px; object-fit: cover; color: transparent;"
          />
        </div>
      </div>
       
    </div>
    <div
      class="origin-top-right absolute right-0 mt-2 rounded-xl shadow-lg bg-white ring-1 ring-black ring-opacity-5 p-2 transition-all duration-500 transform scale-100 opacity-100"
    >
      <div
        aria-labelledby="options-menu"
        aria-orientation="vertical"
        class="w-40"
        role="menu"
      >
        <a
          class="block px-3 py-2 text-sm text-gray-700 hover:bg-gray-100 hover:text-primary rounded-md transition-all duration-200 ease-in-out"
          href="/profile"
          role="menuitem"
        >
          Profile
        </a>
        <a
          class="block px-3 py-2 text-sm text-gray-700 hover:bg-gray-100 hover:text-primary rounded-md transition-all duration-200 ease-in-out"
          href="/races"
          role="menuitem"
        >
          Races
        </a>
        <div
          class="w-full my-2 border-t"
          style="border-top-width: 1px;"
        />
        <button
          class="flex w-full text-sm text-medium text-center justify-center px-5 py-2 text-gray-500 transition-all bg-gray-100 rounded-lg hover:bg-primaryDark hover:text-white shadow-neutral-300 hover:shadow-lg hover:shadow-neutral-300 hover:-tranneutral-y-px focus:shadow-none"
        >
          Sign Out
        </button>
      </div>
    </div>
  </div>
</DocumentFragment>
`;
