// Jest Snapshot v1, https://goo.gl/fbAQLP

exports[`RaceItem Component matches the snapshot 1`] = `
<DocumentFragment>
  <a
    class="h-md rounded-custom_md select-none cursor-pointer overflow-hidden border border-gray-200 shadow-sm hover:shadow-lg group active:shadow-none"
    href="/races/124325t"
  >
    <div
      class="relative overflow-hidden"
    >
      <div
        class="absolute z-10 flex justify-between items-center w-full p-4"
      >
        <div
          class="inline-flex px-4 py-2 bg-white bg-opacity-50 backdrop-blur-xl flex-shrink-0 rounded-full"
        >
          <p
            class="text-sm font-regmed"
          >
            Ends in 2 days
          </p>
        </div>
        <div
          class="inline-flex bg-white bg-opacity-50 backdrop-blur-xl p-2 flex-shrink-0 rounded-full"
        >
          <svg
            data-testid="bookmark-icon"
          />
        </div>
      </div>
      <img
        alt="Test Race"
        class="w-full transition-transform duration-300 ease-in-out transform group-hover:scale-110 h-[20rem] object-cover"
        height="300"
        src="/path/to/image.jpg"
        width="300"
      />
    </div>
    <div
      class="p-8 space-y-3"
    >
      <h3
        class="text-xl font-medium text-customBlue-900"
      >
        Test Race
      </h3>
      <p
        class="text-md text-gray-500 truncate-text"
      >
        This is a test description for the race.
      </p>
      <div
        class="flex justify-between items-center"
      >
        <p
          class="text-[1.5rem] text-customBlue-900"
        >
          $50
        </p>
        <div
          class="w-[4rem] h-[4rem] rounded-full border border-gray-300 flex items-center justify-center transition-transform duration-300 ease-in-out transform group-hover:scale-110 group-hover:border-primaryLight group-active:scale-100"
        >
          <svg
            data-testid="arrow-icon"
          />
        </div>
      </div>
    </div>
  </a>
</DocumentFragment>
`;
